// Vitest Snapshot v1

exports[`Counter.vue > should render 1`] = `"<div class=\\"flex items-center space-x-5 justify-center mt-10 mb-20\\"><button class=\\"btn\\" data-test=\\"dec\\"> - </button><span>10</span><button class=\\"btn\\" data-test=\\"inc\\"> + </button></div>"`;
